// Jest Snapshot v1, https://goo.gl/fbAQLP

exports[`app render 1`] = `
<div>
  <div>
    hello
  </div>
</div>
`;
